[Launcher] Target Process: quakelive_steam.exe
[Launcher] Target DLL:     D:\temp3\steamapps\common\qlive\winqlx.dll
[Launcher] Python Env:     D:\temp3\steamapps\common\qlive\deps\python_embed
---------------------------------------------------
[Launcher] Target process found! PID: 26356
[Launcher] Attempting to inject DLL into PID: 26356...
[Launcher] Success!
[WinQLX32] [Main] Loading
[WinQLX32] [Main] qlds (exe) ...    Base Address: 00A10000
[WinQLX32] [DLL] test2          - Offset: 00ADBBA0
[WinQLX32] [DLL] Cmd_AddCommand         - Offset: 00AD81D0
[WinQLX32] [Main] serverStatic_t        - Offset: 019437A0
[WinQLX32] [Main] Init commands...
[WinQLX32] [Main] Initializing Python...
[WinQLX32] [DLL] VM_Create              - Offset: 00AF9FF0
[WinQLX32] [DLL] Com_Printf             - Offset: 00AD9860
[WinQLX32] [DLL] SV_SendMessageToClient - Offset: 00AF5900
[WinQLX32] [Main] Python initialized!
[WinQLX32] [DLL] SV_DropClient          - Offset: 00AEF660
[WinQLX32] PASO POR TEST2
[WinQLX32] [WinQLX32-VFS] -> ADVERTENCIA: Carpeta de cache 'D:\temp3\steamapps\common\qlive\steamapps\workshop\content\282440' NO detectada.
[WinQLX32] NECESITA DESCARGA, MANDALO AL FONDO
[WinQLX32] [DLL] SV_SendServerCommand   - Offset: 00AF4170
[WinQLX32] [DLL] SV_SpawnServer         - Offset: 00AF3510
[WinQLX32] [DLL] SV_ExecuteClientCmd    - Offset: 00AF0090
[WinQLX32] [DLL] SV_SetConfigstring     - Offset: 00AF2CC0
[WinQLX32] [DLL] SV_ClientEnterWorld    - Offset: 00AEFA20
[WinQLX32] [VM] struct intercepted      - Offset: 018EFA20
[WinQLX32] [VM] qagamex86.dll captured  - Offset: 1A2F0000
[WinQLX32] [WinQLX32-UGC] Linea 2: ID 585892371 enviada exitosamente a la cola de red.
[WinQLX32] [WinQLX32-UGC] Linea 4: ID 620087103 enviada exitosamente a la cola de red.
[WinQLX32] [WinQLX32-UGC] Linea 6: ID 572453229 enviada exitosamente a la cola de red.
[WinQLX32] [WinQLX32-UGC] Linea 8: ID 1250689005 enviada exitosamente a la cola de red.
[WinQLX32] [WinQLX32-UGC] Linea 10: ID 1231496914 enviada exitosamente a la cola de red.
[WinQLX32] [WinQLX32-UGC] Linea 12: ID 1894965506 enviada exitosamente a la cola de red.
[WinQLX32] [WinQLX32-UGC] Linea 14: ID 538941289 enviada exitosamente a la cola de red.
[WinQLX32] [WinQLX32-UGC] Linea 16: ID 1490346736 enviada exitosamente a la cola de red.
[WinQLX32] [WinQLX32-UGC] Linea 18: ID 2597241334 enviada exitosamente a la cola de red.
[WinQLX32] [WinQLX32-UGC] Linea 19: ID 1407708185 enviada exitosamente a la cola de red.
[WinQLX32] [WinQLX32-UGC] Linea 22: ID 557591894 enviada exitosamente a la cola de red.
[WinQLX32] [WinQLX32-TEST] -> Inicializando despachador de hilos paralelos de Windows...
[WinQLX32] [WinQLX32-TEST] -> Hilo paralelo despachado con ├®xito. Control devuelto al motor.
[WinQLX32] [VMT] vm_t struct            - Offset: 1A37FD08
[WinQLX32] [VMT] G_InitGame             - Offset: 051F1BD0
[WinQLX32] [WinQLX32-PARALELO] Ciclo 1 | Disco Actual: 0 | Disco Anterior: 0 | Manifiesto (ACF): 0
[WinQLX32] [DLL] Sys_IsLANAddress FIX   - Offset: 018E00B8
[WinQLX32] [VMT] G_RunFrame             - Offset: 051F1CC0
[WinQLX32] [VMT] ClientConnect          - Offset: 051F1AB0
[WinQLX32] [VM] G_StartKamikaze         - Offset: 1A35FF20
[WinQLX32] [VM] ClientSpawn             - Offset: 1A32BC30
[WinQLX32] [Main] Init VM pointers...
[WinQLX32] Demo Module Initialized (tjone270).
[WinQLX32] AQUI REINICIAR POR RECARGA
[minqlx.late_init] INFO: Loading preset plugins...
[minqlx.load_plugin] INFO: Loading plugin 'plugin_manager'...
[minqlx.load_plugin] INFO: Loading plugin 'essentials'...
[minqlx.load_plugin] INFO: Loading plugin 'motd'...
[minqlx.load_plugin] INFO: Loading plugin 'permission'...
[minqlx.load_plugin] INFO: Loading plugin 'ban'...
[minqlx.load_plugin] INFO: Loading plugin 'silence'...
[minqlx.load_plugin] INFO: Loading plugin 'clan'...
src\clientdll\contentupdatecontext.cpp (2036) : Staging library folder not found
[minqlx.load_plugin] INFO: Loading plugin 'names'...
src\clientdll\contentupdatecontext.cpp (2036) : Staging library folder not found
[minqlx.load_plugin] INFO: Loading plugin 'log'...
[minqlx.load_plugin] INFO: Loading plugin 'workshop'...
[minqlx.late_init] INFO: We're good to go!
[minqlx.handle_new_game] WARNING: Some events will not work because ZMQ stats is not enabled. Launch the server with "zmq_stats_enable 1"
[minqlx.dispatch] DEBUG: map('campgrounds', 'ca')
[minqlx.dispatch] DEBUG: new_game()
[minqlx.handle_console_print] DEBUG: Hitch warning: 934293700 msec frame time
[minqlx.handle_console_print] DEBUG: zmq stats and rcon passwords updated
src\clientdll\contentupdatecontext.cpp (2037) : Install library folder not found
src\clientdll\contentupdatecontext.cpp (2037) : Install library folder not found
[WinQLX32] [WinQLX32-PARALELO] Ciclo 2 | Disco Actual: 0 | Disco Anterior: 0 | Manifiesto (ACF): 0
[minqlx.handle_console_print] DEBUG: Connected to Steam servers
[minqlx.handle_console_print] DEBUG: Hitch warning: 793 msec frame time
src\clientdll\contentupdatecontext.cpp (2036) : Staging library folder not found
src\clientdll\contentupdatecontext.cpp (2036) : Staging library folder not found
src\clientdll\contentupdatecontext.cpp (2037) : Install library folder not found
src\clientdll\contentupdatecontext.cpp (2037) : Install library folder not found
[WinQLX32] [WinQLX32-PARALELO] Ciclo 3 | Disco Actual: 0 | Disco Anterior: 0 | Manifiesto (ACF): 0
[WinQLX32] [WinQLX32-PARALELO] Ciclo 4 | Disco Actual: 0 | Disco Anterior: 0 | Manifiesto (ACF): 0
[WinQLX32] [WinQLX32-PARALELO] Ciclo 5 | Disco Actual: 0 | Disco Anterior: 0 | Manifiesto (ACF): 0
src\clientdll\contentupdatecontext.cpp (2036) : Staging library folder not found
src\clientdll\contentupdatecontext.cpp (2036) : Staging library folder not found
src\clientdll\contentupdatecontext.cpp (2037) : Install library folder not found
src\clientdll\contentupdatecontext.cpp (2037) : Install library folder not found
[WinQLX32] [WinQLX32-PARALELO] Ciclo 6 | Disco Actual: 14180424 | Disco Anterior: 0 | Manifiesto (ACF): 14180424
[WinQLX32] [WinQLX32-PARALELO] Ciclo 7 | Disco Actual: 14180424 | Disco Anterior: 14180424 | Manifiesto (ACF): 14180424
src\clientdll\contentupdatecontext.cpp (2036) : Staging library folder not found
src\clientdll\contentupdatecontext.cpp (2036) : Staging library folder not found
src\clientdll\contentupdatecontext.cpp (2037) : Install library folder not found
src\clientdll\contentupdatecontext.cpp (2037) : Install library folder not found
[WinQLX32] [WinQLX32-PARALELO] Ciclo 8 | Disco Actual: 26932590 | Disco Anterior: 14180424 | Manifiesto (ACF): 26932590
[WinQLX32] [WinQLX32-PARALELO] Ciclo 9 | Disco Actual: 48915220 | Disco Anterior: 26932590 | Manifiesto (ACF): 26932590
src\clientdll\contentupdatecontext.cpp (2036) : Staging library folder not found
src\clientdll\contentupdatecontext.cpp (2036) : Staging library folder not found
src\clientdll\contentupdatecontext.cpp (2037) : Install library folder not found
src\clientdll\contentupdatecontext.cpp (2037) : Install library folder not found
[WinQLX32] [WinQLX32-PARALELO] Ciclo 10 | Disco Actual: 48915220 | Disco Anterior: 48915220 | Manifiesto (ACF): 48915220
[WinQLX32] [WinQLX32-PARALELO] Ciclo 11 | Disco Actual: 48915220 | Disco Anterior: 48915220 | Manifiesto (ACF): 48915220
src\clientdll\contentupdatecontext.cpp (2036) : Staging library folder not found
src\clientdll\contentupdatecontext.cpp (2036) : Staging library folder not found
src\clientdll\contentupdatecontext.cpp (2037) : Install library folder not found
src\clientdll\contentupdatecontext.cpp (2037) : Install library folder not found
[WinQLX32] [WinQLX32-PARALELO] Ciclo 12 | Disco Actual: 65810741 | Disco Anterior: 48915220 | Manifiesto (ACF): 65810741
src\clientdll\contentupdatecontext.cpp (2036) : Staging library folder not found
src\clientdll\contentupdatecontext.cpp (2036) : Staging library folder not found
src\clientdll\contentupdatecontext.cpp (2037) : Install library folder not found
src\clientdll\contentupdatecontext.cpp (2037) : Install library folder not found
[WinQLX32] [WinQLX32-PARALELO] Ciclo 13 | Disco Actual: 65841143 | Disco Anterior: 65810741 | Manifiesto (ACF): 65841143
[WinQLX32] [WinQLX32-PARALELO] Ciclo 14 | Disco Actual: 65841143 | Disco Anterior: 65841143 | Manifiesto (ACF): 65841143
src\clientdll\contentupdatecontext.cpp (2036) : Staging library folder not found
src\clientdll\contentupdatecontext.cpp (2036) : Staging library folder not found
src\clientdll\contentupdatecontext.cpp (2037) : Install library folder not found
src\clientdll\contentupdatecontext.cpp (2037) : Install library folder not found
[WinQLX32] [WinQLX32-PARALELO] Ciclo 15 | Disco Actual: 86847770 | Disco Anterior: 65841143 | Manifiesto (ACF): 86847770
src\clientdll\contentupdatecontext.cpp (2036) : Staging library folder not found
src\clientdll\contentupdatecontext.cpp (2036) : Staging library folder not found
src\clientdll\contentupdatecontext.cpp (2037) : Install library folder not found
src\clientdll\contentupdatecontext.cpp (2037) : Install library folder not found
[WinQLX32] [WinQLX32-PARALELO] Ciclo 16 | Disco Actual: 87194250 | Disco Anterior: 86847770 | Manifiesto (ACF): 87194250
[WinQLX32] [WinQLX32-PARALELO] Ciclo 17 | Disco Actual: 91294558 | Disco Anterior: 87194250 | Manifiesto (ACF): 91294558
src\clientdll\contentupdatecontext.cpp (2036) : Staging library folder not found
src\clientdll\contentupdatecontext.cpp (2036) : Staging library folder not found
src\clientdll\contentupdatecontext.cpp (2037) : Install library folder not found
src\clientdll\contentupdatecontext.cpp (2037) : Install library folder not found
[WinQLX32] [WinQLX32-PARALELO] Ciclo 18 | Disco Actual: 92691150 | Disco Anterior: 91294558 | Manifiesto (ACF): 92691150
src\clientdll\contentupdatecontext.cpp (2036) : Staging library folder not found
src\clientdll\contentupdatecontext.cpp (2036) : Staging library folder not found
src\clientdll\contentupdatecontext.cpp (2037) : Install library folder not found
src\clientdll\contentupdatecontext.cpp (2037) : Install library folder not found
[WinQLX32] [WinQLX32-PARALELO] Ciclo 19 | Disco Actual: 92691150 | Disco Anterior: 92691150 | Manifiesto (ACF): 92691150
src\clientdll\contentupdatecontext.cpp (2036) : Staging library folder not found
src\clientdll\contentupdatecontext.cpp (2036) : Staging library folder not found
src\clientdll\contentupdatecontext.cpp (2037) : Install library folder not found
src\clientdll\contentupdatecontext.cpp (2037) : Install library folder not found
[WinQLX32] [WinQLX32-PARALELO] Ciclo 20 | Disco Actual: 100303129 | Disco Anterior: 92691150 | Manifiesto (ACF): 100303129
[WinQLX32] [WinQLX32-PARALELO] Ciclo 21 | Disco Actual: 104121855 | Disco Anterior: 100303129 | Manifiesto (ACF): 104121855
[WinQLX32] [WinQLX32-PARALELO] Ciclo 22 | Disco Actual: 104121855 | Disco Anterior: 104121855 | Manifiesto (ACF): 104121855
[WinQLX32] [WinQLX32-PARALELO] Ciclo 23 | Disco Actual: 104121855 | Disco Anterior: 104121855 | Manifiesto (ACF): 104121855
[WinQLX32] [WinQLX32-PARALELO] Ciclo 24 | Disco Actual: 104121855 | Disco Anterior: 104121855 | Manifiesto (ACF): 104121855
[WinQLX32] [WinQLX32-PARALELO] -> ┬í├ëXITO! El directorio dejo de crecer y coincide con el ACF. Ejecutando restart.
[minqlx.handle_console_print] DEBUG: Workshop item 585892371: in cache.
[minqlx.handle_console_print] DEBUG: Not recording a demo.
[minqlx.handle_console_print] DEBUG: ----- FS_Startup -----
[minqlx.handle_console_print] DEBUG: Current search path:
[minqlx.handle_console_print] DEBUG: D:\temp3\steamapps\common\qlive\baseq3\pak00.pk3 (0x15a37833 - 9285 files)
[minqlx.handle_console_print] DEBUG: D:\temp3\steamapps\common\qlive\baseq3\bin.pk3 (0x7c1d0d5e - 5 files)
[minqlx.handle_console_print] DEBUG: D:\temp3\steamapps\common\qlive/baseq3
[minqlx.handle_console_print] DEBUG: D:\temp3\steamapps\common\qlive\steamapps\workshop\content\282440\585892371\\soundbank.pk3 (0x5935bb40 - 85 files)
[minqlx.handle_console_print] DEBUG: D:\temp3\steamapps\common\qlive\steamapps\workshop\content\282440\585892371/
[minqlx.handle_console_print] DEBUG:
[minqlx.handle_console_print] DEBUG: ----------------------
[minqlx.handle_console_print] DEBUG: 9375 files in pk3 files
[WinQLX32] [WinQLX32-UGC] Linea 2: El hook idSteamServer_DownloadItem rechazo la ID 585892371.
[minqlx.handle_console_print] DEBUG: Workshop item 620087103: in cache.
[minqlx.handle_console_print] DEBUG: Not recording a demo.
[minqlx.handle_console_print] DEBUG: ----- FS_Startup -----
[minqlx.handle_console_print] DEBUG: Current search path:
[minqlx.handle_console_print] DEBUG: D:\temp3\steamapps\common\qlive\baseq3\pak00.pk3 (0x15a37833 - 9285 files)
[minqlx.handle_console_print] DEBUG: D:\temp3\steamapps\common\qlive\baseq3\bin.pk3 (0x7c1d0d5e - 5 files)
[minqlx.handle_console_print] DEBUG: D:\temp3\steamapps\common\qlive/baseq3
[minqlx.handle_console_print] DEBUG: D:\temp3\steamapps\common\qlive\steamapps\workshop\content\282440\620087103\\funnysounds.pk3 (0x4b31fd8b - 244 files)
[minqlx.handle_console_print] DEBUG: D:\temp3\steamapps\common\qlive\steamapps\workshop\content\282440\620087103/
[minqlx.handle_console_print] DEBUG: D:\temp3\steamapps\common\qlive\steamapps\workshop\content\282440\585892371\\soundbank.pk3 (0x5935bb40 - 85 files)
[minqlx.handle_console_print] DEBUG: D:\temp3\steamapps\common\qlive\steamapps\workshop\content\282440\585892371/
[minqlx.handle_console_print] DEBUG:
[minqlx.handle_console_print] DEBUG: ----------------------
[minqlx.handle_console_print] DEBUG: 9619 files in pk3 files
[WinQLX32] [WinQLX32-UGC] Linea 4: El hook idSteamServer_DownloadItem rechazo la ID 620087103.
[minqlx.handle_console_print] DEBUG: Workshop item 572453229: in cache.
[minqlx.handle_console_print] DEBUG: Not recording a demo.
[minqlx.handle_console_print] DEBUG: ----- FS_Startup -----
[minqlx.handle_console_print] DEBUG: Current search path:
[minqlx.handle_console_print] DEBUG: D:\temp3\steamapps\common\qlive\baseq3\pak00.pk3 (0x15a37833 - 9285 files)
[minqlx.handle_console_print] DEBUG: D:\temp3\steamapps\common\qlive\baseq3\bin.pk3 (0x7c1d0d5e - 5 files)
[minqlx.handle_console_print] DEBUG: D:\temp3\steamapps\common\qlive/baseq3
[minqlx.handle_console_print] DEBUG: D:\temp3\steamapps\common\qlive\steamapps\workshop\content\282440\572453229\\duke-nukem-sounds.pk3 (0x34de8c63 - 104 files)
[minqlx.handle_console_print] DEBUG: D:\temp3\steamapps\common\qlive\steamapps\workshop\content\282440\572453229/
[minqlx.handle_console_print] DEBUG: D:\temp3\steamapps\common\qlive\steamapps\workshop\content\282440\620087103\\funnysounds.pk3 (0x4b31fd8b - 244 files)
[minqlx.handle_console_print] DEBUG: D:\temp3\steamapps\common\qlive\steamapps\workshop\content\282440\620087103/
[minqlx.handle_console_print] DEBUG: D:\temp3\steamapps\common\qlive\steamapps\workshop\content\282440\585892371\\soundbank.pk3 (0x5935bb40 - 85 files)
[minqlx.handle_console_print] DEBUG: D:\temp3\steamapps\common\qlive\steamapps\workshop\content\282440\585892371/
[minqlx.handle_console_print] DEBUG:
[minqlx.handle_console_print] DEBUG: ----------------------
[minqlx.handle_console_print] DEBUG: 9723 files in pk3 files
[WinQLX32] [WinQLX32-UGC] Linea 6: El hook idSteamServer_DownloadItem rechazo la ID 572453229.
[minqlx.handle_console_print] DEBUG: Workshop item 1250689005: in cache.
[minqlx.handle_console_print] DEBUG: Not recording a demo.
[minqlx.handle_console_print] DEBUG: ----- FS_Startup -----
[minqlx.handle_console_print] DEBUG: Current search path:
[minqlx.handle_console_print] DEBUG: D:\temp3\steamapps\common\qlive\baseq3\pak00.pk3 (0x15a37833 - 9285 files)
[minqlx.handle_console_print] DEBUG: D:\temp3\steamapps\common\qlive\baseq3\bin.pk3 (0x7c1d0d5e - 5 files)
[minqlx.handle_console_print] DEBUG: D:\temp3\steamapps\common\qlive/baseq3
[minqlx.handle_console_print] DEBUG: D:\temp3\steamapps\common\qlive\steamapps\workshop\content\282440\1250689005\\warp_sounds.pk3 (0x16c38e2c - 253 files)
[minqlx.handle_console_print] DEBUG: D:\temp3\steamapps\common\qlive\steamapps\workshop\content\282440\1250689005/
[minqlx.handle_console_print] DEBUG: D:\temp3\steamapps\common\qlive\steamapps\workshop\content\282440\572453229\\duke-nukem-sounds.pk3 (0x34de8c63 - 104 files)
[minqlx.handle_console_print] DEBUG: D:\temp3\steamapps\common\qlive\steamapps\workshop\content\282440\572453229/
[minqlx.handle_console_print] DEBUG: D:\temp3\steamapps\common\qlive\steamapps\workshop\content\282440\620087103\\funnysounds.pk3 (0x4b31fd8b - 244 files)
[minqlx.handle_console_print] DEBUG: D:\temp3\steamapps\common\qlive\steamapps\workshop\content\282440\620087103/
[minqlx.handle_console_print] DEBUG: D:\temp3\steamapps\common\qlive\steamapps\workshop\content\282440\585892371\\soundbank.pk3 (0x5935bb40 - 85 files)
[minqlx.handle_console_print] DEBUG: D:\temp3\steamapps\common\qlive\steamapps\workshop\content\282440\585892371/
[minqlx.handle_console_print] DEBUG:
[minqlx.handle_console_print] DEBUG: ----------------------
[minqlx.handle_console_print] DEBUG: 9976 files in pk3 files
[WinQLX32] [WinQLX32-UGC] Linea 8: El hook idSteamServer_DownloadItem rechazo la ID 1250689005.
[minqlx.handle_console_print] DEBUG: Workshop item 1231496914: in cache.
[minqlx.handle_console_print] DEBUG: Not recording a demo.
[minqlx.handle_console_print] DEBUG: ----- FS_Startup -----
[minqlx.handle_console_print] DEBUG: Current search path:
[minqlx.handle_console_print] DEBUG: D:\temp3\steamapps\common\qlive\baseq3\pak00.pk3 (0x15a37833 - 9285 files)
[minqlx.handle_console_print] DEBUG: D:\temp3\steamapps\common\qlive\baseq3\bin.pk3 (0x7c1d0d5e - 5 files)
[minqlx.handle_console_print] DEBUG: D:\temp3\steamapps\common\qlive/baseq3
[minqlx.handle_console_print] DEBUG: D:\temp3\steamapps\common\qlive\steamapps\workshop\content\282440\1231496914\\workshop_q3stylegibs.pk3 (0x8ebdce38 - 32 files)
[minqlx.handle_console_print] DEBUG: D:\temp3\steamapps\common\qlive\steamapps\workshop\content\282440\1231496914/
[minqlx.handle_console_print] DEBUG: D:\temp3\steamapps\common\qlive\steamapps\workshop\content\282440\1250689005\\warp_sounds.pk3 (0x16c38e2c - 253 files)
[minqlx.handle_console_print] DEBUG: D:\temp3\steamapps\common\qlive\steamapps\workshop\content\282440\1250689005/
[minqlx.handle_console_print] DEBUG: D:\temp3\steamapps\common\qlive\steamapps\workshop\content\282440\572453229\\duke-nukem-sounds.pk3 (0x34de8c63 - 104 files)
[minqlx.handle_console_print] DEBUG: D:\temp3\steamapps\common\qlive\steamapps\workshop\content\282440\572453229/
[minqlx.handle_console_print] DEBUG: D:\temp3\steamapps\common\qlive\steamapps\workshop\content\282440\620087103\\funnysounds.pk3 (0x4b31fd8b - 244 files)
[minqlx.handle_console_print] DEBUG: D:\temp3\steamapps\common\qlive\steamapps\workshop\content\282440\620087103/
[minqlx.handle_console_print] DEBUG: D:\temp3\steamapps\common\qlive\steamapps\workshop\content\282440\585892371\\soundbank.pk3 (0x5935bb40 - 85 files)
[minqlx.handle_console_print] DEBUG: D:\temp3\steamapps\common\qlive\steamapps\workshop\content\282440\585892371/
[minqlx.handle_console_print] DEBUG:
[minqlx.handle_console_print] DEBUG: ----------------------
[minqlx.handle_console_print] DEBUG: 10008 files in pk3 files
[WinQLX32] [WinQLX32-UGC] Linea 10: El hook idSteamServer_DownloadItem rechazo la ID 1231496914.
[minqlx.handle_console_print] DEBUG: Workshop item 1894965506: in cache.
[minqlx.handle_console_print] DEBUG: Not recording a demo.
[minqlx.handle_console_print] DEBUG: ----- FS_Startup -----
[minqlx.handle_console_print] DEBUG: Current search path:
[minqlx.handle_console_print] DEBUG: D:\temp3\steamapps\common\qlive\baseq3\pak00.pk3 (0x15a37833 - 9285 files)
[minqlx.handle_console_print] DEBUG: D:\temp3\steamapps\common\qlive\baseq3\bin.pk3 (0x7c1d0d5e - 5 files)
[minqlx.handle_console_print] DEBUG: D:\temp3\steamapps\common\qlive/baseq3
[minqlx.handle_console_print] DEBUG: D:\temp3\steamapps\common\qlive\steamapps\workshop\content\282440\1894965506\\sonidosedp.pk3 (0x0a20d0fc - 556 files)
[minqlx.handle_console_print] DEBUG: D:\temp3\steamapps\common\qlive\steamapps\workshop\content\282440\1894965506/
[minqlx.handle_console_print] DEBUG: D:\temp3\steamapps\common\qlive\steamapps\workshop\content\282440\1231496914\\workshop_q3stylegibs.pk3 (0x8ebdce38 - 32 files)
[minqlx.handle_console_print] DEBUG: D:\temp3\steamapps\common\qlive\steamapps\workshop\content\282440\1231496914/
[minqlx.handle_console_print] DEBUG: D:\temp3\steamapps\common\qlive\steamapps\workshop\content\282440\1250689005\\warp_sounds.pk3 (0x16c38e2c - 253 files)
[minqlx.handle_console_print] DEBUG: D:\temp3\steamapps\common\qlive\steamapps\workshop\content\282440\1250689005/
[minqlx.handle_console_print] DEBUG: D:\temp3\steamapps\common\qlive\steamapps\workshop\content\282440\572453229\\duke-nukem-sounds.pk3 (0x34de8c63 - 104 files)
[minqlx.handle_console_print] DEBUG: D:\temp3\steamapps\common\qlive\steamapps\workshop\content\282440\572453229/
[minqlx.handle_console_print] DEBUG: D:\temp3\steamapps\common\qlive\steamapps\workshop\content\282440\620087103\\funnysounds.pk3 (0x4b31fd8b - 244 files)
[minqlx.handle_console_print] DEBUG: D:\temp3\steamapps\common\qlive\steamapps\workshop\content\282440\620087103/
[minqlx.handle_console_print] DEBUG: D:\temp3\steamapps\common\qlive\steamapps\workshop\content\282440\585892371\\soundbank.pk3 (0x5935bb40 - 85 files)
[minqlx.handle_console_print] DEBUG: D:\temp3\steamapps\common\qlive\steamapps\workshop\content\282440\585892371/
[minqlx.handle_console_print] DEBUG:
[minqlx.handle_console_print] DEBUG: ----------------------
[minqlx.handle_console_print] DEBUG: 10564 files in pk3 files
[WinQLX32] [WinQLX32-UGC] Linea 12: El hook idSteamServer_DownloadItem rechazo la ID 1894965506.
[minqlx.handle_console_print] DEBUG: Workshop item 538941289: in cache.
[minqlx.handle_console_print] DEBUG: Not recording a demo.
[minqlx.handle_console_print] DEBUG: ----- FS_Startup -----
[minqlx.handle_console_print] DEBUG: Current search path:
[minqlx.handle_console_print] DEBUG: D:\temp3\steamapps\common\qlive\baseq3\pak00.pk3 (0x15a37833 - 9285 files)
[minqlx.handle_console_print] DEBUG: D:\temp3\steamapps\common\qlive\baseq3\bin.pk3 (0x7c1d0d5e - 5 files)
[minqlx.handle_console_print] DEBUG: D:\temp3\steamapps\common\qlive/baseq3
[minqlx.handle_console_print] DEBUG: D:\temp3\steamapps\common\qlive\steamapps\workshop\content\282440\538941289/
[minqlx.handle_console_print] DEBUG: D:\temp3\steamapps\common\qlive\steamapps\workshop\content\282440\1894965506\\sonidosedp.pk3 (0x0a20d0fc - 556 files)
[minqlx.handle_console_print] DEBUG: D:\temp3\steamapps\common\qlive\steamapps\workshop\content\282440\1894965506/
[minqlx.handle_console_print] DEBUG: D:\temp3\steamapps\common\qlive\steamapps\workshop\content\282440\1231496914\\workshop_q3stylegibs.pk3 (0x8ebdce38 - 32 files)
[minqlx.handle_console_print] DEBUG: D:\temp3\steamapps\common\qlive\steamapps\workshop\content\282440\1231496914/
[minqlx.handle_console_print] DEBUG: D:\temp3\steamapps\common\qlive\steamapps\workshop\content\282440\1250689005\\warp_sounds.pk3 (0x16c38e2c - 253 files)
[minqlx.handle_console_print] DEBUG: D:\temp3\steamapps\common\qlive\steamapps\workshop\content\282440\1250689005/
[minqlx.handle_console_print] DEBUG: D:\temp3\steamapps\common\qlive\steamapps\workshop\content\282440\572453229\\duke-nukem-sounds.pk3 (0x34de8c63 - 104 files)
[minqlx.handle_console_print] DEBUG: D:\temp3\steamapps\common\qlive\steamapps\workshop\content\282440\572453229/
[minqlx.handle_console_print] DEBUG: D:\temp3\steamapps\common\qlive\steamapps\workshop\content\282440\620087103\\funnysounds.pk3 (0x4b31fd8b - 244 files)
[minqlx.handle_console_print] DEBUG: D:\temp3\steamapps\common\qlive\steamapps\workshop\content\282440\620087103/
[minqlx.handle_console_print] DEBUG: D:\temp3\steamapps\common\qlive\steamapps\workshop\content\282440\585892371\\soundbank.pk3 (0x5935bb40 - 85 files)
[minqlx.handle_console_print] DEBUG: D:\temp3\steamapps\common\qlive\steamapps\workshop\content\282440\585892371/
[minqlx.handle_console_print] DEBUG:
[minqlx.handle_console_print] DEBUG: ----------------------
[minqlx.handle_console_print] DEBUG: 10564 files in pk3 files
[WinQLX32] [WinQLX32-UGC] Linea 14: El hook idSteamServer_DownloadItem rechazo la ID 538941289.
[minqlx.handle_console_print] DEBUG: Workshop item 1490346736: in cache.
[minqlx.handle_console_print] DEBUG: Not recording a demo.
[minqlx.handle_console_print] DEBUG: ----- FS_Startup -----
[minqlx.handle_console_print] DEBUG: Current search path:
[minqlx.handle_console_print] DEBUG: D:\temp3\steamapps\common\qlive\baseq3\pak00.pk3 (0x15a37833 - 9285 files)
[minqlx.handle_console_print] DEBUG: D:\temp3\steamapps\common\qlive\baseq3\bin.pk3 (0x7c1d0d5e - 5 files)
[minqlx.handle_console_print] DEBUG: D:\temp3\steamapps\common\qlive/baseq3
[minqlx.handle_console_print] DEBUG: D:\temp3\steamapps\common\qlive\steamapps\workshop\content\282440\1490346736\\q2dm1.pk3 (0x77425852 - 78 files)
[minqlx.handle_console_print] DEBUG: D:\temp3\steamapps\common\qlive\steamapps\workshop\content\282440\1490346736/
[minqlx.handle_console_print] DEBUG: D:\temp3\steamapps\common\qlive\steamapps\workshop\content\282440\538941289/
[minqlx.handle_console_print] DEBUG: D:\temp3\steamapps\common\qlive\steamapps\workshop\content\282440\1894965506\\sonidosedp.pk3 (0x0a20d0fc - 556 files)
[minqlx.handle_console_print] DEBUG: D:\temp3\steamapps\common\qlive\steamapps\workshop\content\282440\1894965506/
[minqlx.handle_console_print] DEBUG: D:\temp3\steamapps\common\qlive\steamapps\workshop\content\282440\1231496914\\workshop_q3stylegibs.pk3 (0x8ebdce38 - 32 files)
[minqlx.handle_console_print] DEBUG: D:\temp3\steamapps\common\qlive\steamapps\workshop\content\282440\1231496914/
[minqlx.handle_console_print] DEBUG: D:\temp3\steamapps\common\qlive\steamapps\workshop\content\282440\1250689005\\warp_sounds.pk3 (0x16c38e2c - 253 files)
[minqlx.handle_console_print] DEBUG: D:\temp3\steamapps\common\qlive\steamapps\workshop\content\282440\1250689005/
[minqlx.handle_console_print] DEBUG: D:\temp3\steamapps\common\qlive\steamapps\workshop\content\282440\572453229\\duke-nukem-sounds.pk3 (0x34de8c63 - 104 files)
[minqlx.handle_console_print] DEBUG: D:\temp3\steamapps\common\qlive\steamapps\workshop\content\282440\572453229/
[minqlx.handle_console_print] DEBUG: D:\temp3\steamapps\common\qlive\steamapps\workshop\content\282440\620087103\\funnysounds.pk3 (0x4b31fd8b - 244 files)
[minqlx.handle_console_print] DEBUG: D:\temp3\steamapps\common\qlive\steamapps\workshop\content\282440\620087103/
[minqlx.handle_console_print] DEBUG: D:\temp3\steamapps\common\qlive\steamapps\workshop\content\282440\585892371\\soundbank.pk3 (0x5935bb40 - 85 files)
[minqlx.handle_console_print] DEBUG: D:\temp3\steamapps\common\qlive\steamapps\workshop\content\282440\585892371/
[minqlx.handle_console_print] DEBUG:
[minqlx.handle_console_print] DEBUG: ----------------------
[minqlx.handle_console_print] DEBUG: 10642 files in pk3 files
[WinQLX32] [WinQLX32-UGC] Linea 16: El hook idSteamServer_DownloadItem rechazo la ID 1490346736.
[minqlx.handle_console_print] DEBUG: Workshop item 2597241334: in cache.
[minqlx.handle_console_print] DEBUG: Not recording a demo.
[minqlx.handle_console_print] DEBUG: ----- FS_Startup -----
[minqlx.handle_console_print] DEBUG: Current search path:
[minqlx.handle_console_print] DEBUG: D:\temp3\steamapps\common\qlive\baseq3\pak00.pk3 (0x15a37833 - 9285 files)
[minqlx.handle_console_print] DEBUG: D:\temp3\steamapps\common\qlive\baseq3\bin.pk3 (0x7c1d0d5e - 5 files)
[minqlx.handle_console_print] DEBUG: D:\temp3\steamapps\common\qlive/baseq3
[minqlx.handle_console_print] DEBUG: D:\temp3\steamapps\common\qlive\steamapps\workshop\content\282440\2597241334\\bloodcovenant.pk3 (0xe2c01d8f - 138 files)
[minqlx.handle_console_print] DEBUG: D:\temp3\steamapps\common\qlive\steamapps\workshop\content\282440\2597241334/
[minqlx.handle_console_print] DEBUG: D:\temp3\steamapps\common\qlive\steamapps\workshop\content\282440\1490346736\\q2dm1.pk3 (0x77425852 - 78 files)
[minqlx.handle_console_print] DEBUG: D:\temp3\steamapps\common\qlive\steamapps\workshop\content\282440\1490346736/
[minqlx.handle_console_print] DEBUG: D:\temp3\steamapps\common\qlive\steamapps\workshop\content\282440\538941289/
[minqlx.handle_console_print] DEBUG: D:\temp3\steamapps\common\qlive\steamapps\workshop\content\282440\1894965506\\sonidosedp.pk3 (0x0a20d0fc - 556 files)
[minqlx.handle_console_print] DEBUG: D:\temp3\steamapps\common\qlive\steamapps\workshop\content\282440\1894965506/
[minqlx.handle_console_print] DEBUG: D:\temp3\steamapps\common\qlive\steamapps\workshop\content\282440\1231496914\\workshop_q3stylegibs.pk3 (0x8ebdce38 - 32 files)
[minqlx.handle_console_print] DEBUG: D:\temp3\steamapps\common\qlive\steamapps\workshop\content\282440\1231496914/
[minqlx.handle_console_print] DEBUG: D:\temp3\steamapps\common\qlive\steamapps\workshop\content\282440\1250689005\\warp_sounds.pk3 (0x16c38e2c - 253 files)
[minqlx.handle_console_print] DEBUG: D:\temp3\steamapps\common\qlive\steamapps\workshop\content\282440\1250689005/
[minqlx.handle_console_print] DEBUG: D:\temp3\steamapps\common\qlive\steamapps\workshop\content\282440\572453229\\duke-nukem-sounds.pk3 (0x34de8c63 - 104 files)
[minqlx.handle_console_print] DEBUG: D:\temp3\steamapps\common\qlive\steamapps\workshop\content\282440\572453229/
[minqlx.handle_console_print] DEBUG: D:\temp3\steamapps\common\qlive\steamapps\workshop\content\282440\620087103\\funnysounds.pk3 (0x4b31fd8b - 244 files)
[minqlx.handle_console_print] DEBUG: D:\temp3\steamapps\common\qlive\steamapps\workshop\content\282440\620087103/
[minqlx.handle_console_print] DEBUG: D:\temp3\steamapps\common\qlive\steamapps\workshop\content\282440\585892371\\soundbank.pk3 (0x5935bb40 - 85 files)
[minqlx.handle_console_print] DEBUG: D:\temp3\steamapps\common\qlive\steamapps\workshop\content\282440\585892371/
[minqlx.handle_console_print] DEBUG:
[minqlx.handle_console_print] DEBUG: ----------------------
[minqlx.handle_console_print] DEBUG: 10780 files in pk3 files
[WinQLX32] [WinQLX32-UGC] Linea 18: El hook idSteamServer_DownloadItem rechazo la ID 2597241334.
[minqlx.handle_console_print] DEBUG: Workshop item 1407708185: in cache.
[minqlx.handle_console_print] DEBUG: Not recording a demo.
[minqlx.handle_console_print] DEBUG: ----- FS_Startup -----
[minqlx.handle_console_print] DEBUG: Current search path:
[minqlx.handle_console_print] DEBUG: D:\temp3\steamapps\common\qlive\baseq3\pak00.pk3 (0x15a37833 - 9285 files)
[minqlx.handle_console_print] DEBUG: D:\temp3\steamapps\common\qlive\baseq3\bin.pk3 (0x7c1d0d5e - 5 files)
[minqlx.handle_console_print] DEBUG: D:\temp3\steamapps\common\qlive/baseq3
[minqlx.handle_console_print] DEBUG: D:\temp3\steamapps\common\qlive\steamapps\workshop\content\282440\1407708185\\oa_sarnath.pk3 (0x2efe5d5a - 67 files)
[minqlx.handle_console_print] DEBUG: D:\temp3\steamapps\common\qlive\steamapps\workshop\content\282440\1407708185/
[minqlx.handle_console_print] DEBUG: D:\temp3\steamapps\common\qlive\steamapps\workshop\content\282440\2597241334\\bloodcovenant.pk3 (0xe2c01d8f - 138 files)
[minqlx.handle_console_print] DEBUG: D:\temp3\steamapps\common\qlive\steamapps\workshop\content\282440\2597241334/
[minqlx.handle_console_print] DEBUG: D:\temp3\steamapps\common\qlive\steamapps\workshop\content\282440\1490346736\\q2dm1.pk3 (0x77425852 - 78 files)
[minqlx.handle_console_print] DEBUG: D:\temp3\steamapps\common\qlive\steamapps\workshop\content\282440\1490346736/
[minqlx.handle_console_print] DEBUG: D:\temp3\steamapps\common\qlive\steamapps\workshop\content\282440\538941289/
[minqlx.handle_console_print] DEBUG: D:\temp3\steamapps\common\qlive\steamapps\workshop\content\282440\1894965506\\sonidosedp.pk3 (0x0a20d0fc - 556 files)
[minqlx.handle_console_print] DEBUG: D:\temp3\steamapps\common\qlive\steamapps\workshop\content\282440\1894965506/
[minqlx.handle_console_print] DEBUG: D:\temp3\steamapps\common\qlive\steamapps\workshop\content\282440\1231496914\\workshop_q3stylegibs.pk3 (0x8ebdce38 - 32 files)
[minqlx.handle_console_print] DEBUG: D:\temp3\steamapps\common\qlive\steamapps\workshop\content\282440\1231496914/
[minqlx.handle_console_print] DEBUG: D:\temp3\steamapps\common\qlive\steamapps\workshop\content\282440\1250689005\\warp_sounds.pk3 (0x16c38e2c - 253 files)
[minqlx.handle_console_print] DEBUG: D:\temp3\steamapps\common\qlive\steamapps\workshop\content\282440\1250689005/
[minqlx.handle_console_print] DEBUG: D:\temp3\steamapps\common\qlive\steamapps\workshop\content\282440\572453229\\duke-nukem-sounds.pk3 (0x34de8c63 - 104 files)
[minqlx.handle_console_print] DEBUG: D:\temp3\steamapps\common\qlive\steamapps\workshop\content\282440\572453229/
[minqlx.handle_console_print] DEBUG: D:\temp3\steamapps\common\qlive\steamapps\workshop\content\282440\620087103\\funnysounds.pk3 (0x4b31fd8b - 244 files)
[minqlx.handle_console_print] DEBUG: D:\temp3\steamapps\common\qlive\steamapps\workshop\content\282440\620087103/
[minqlx.handle_console_print] DEBUG: D:\temp3\steamapps\common\qlive\steamapps\workshop\content\282440\585892371\\soundbank.pk3 (0x5935bb40 - 85 files)
[minqlx.handle_console_print] DEBUG: D:\temp3\steamapps\common\qlive\steamapps\workshop\content\282440\585892371/
[minqlx.handle_console_print] DEBUG:
[minqlx.handle_console_print] DEBUG: ----------------------
[minqlx.handle_console_print] DEBUG: 10847 files in pk3 files
[WinQLX32] [WinQLX32-UGC] Linea 19: El hook idSteamServer_DownloadItem rechazo la ID 1407708185.
[minqlx.handle_console_print] DEBUG: Workshop item 557591894: in cache.
[minqlx.handle_console_print] DEBUG: Not recording a demo.
[minqlx.handle_console_print] DEBUG: ----- FS_Startup -----
[minqlx.handle_console_print] DEBUG: Current search path:
[minqlx.handle_console_print] DEBUG: D:\temp3\steamapps\common\qlive\baseq3\pak00.pk3 (0x15a37833 - 9285 files)
[minqlx.handle_console_print] DEBUG: D:\temp3\steamapps\common\qlive\baseq3\bin.pk3 (0x7c1d0d5e - 5 files)
[minqlx.handle_console_print] DEBUG: D:\temp3\steamapps\common\qlive/baseq3
[minqlx.handle_console_print] DEBUG: D:\temp3\steamapps\common\qlive\steamapps\workshop\content\282440\557591894\\ra3map1.pk3 (0x2489e48e - 32 files)
[minqlx.handle_console_print] DEBUG: D:\temp3\steamapps\common\qlive\steamapps\workshop\content\282440\557591894/
[minqlx.handle_console_print] DEBUG: D:\temp3\steamapps\common\qlive\steamapps\workshop\content\282440\1407708185\\oa_sarnath.pk3 (0x2efe5d5a - 67 files)
[minqlx.handle_console_print] DEBUG: D:\temp3\steamapps\common\qlive\steamapps\workshop\content\282440\1407708185/
[minqlx.handle_console_print] DEBUG: D:\temp3\steamapps\common\qlive\steamapps\workshop\content\282440\2597241334\\bloodcovenant.pk3 (0xe2c01d8f - 138 files)
[minqlx.handle_console_print] DEBUG: D:\temp3\steamapps\common\qlive\steamapps\workshop\content\282440\2597241334/
[minqlx.handle_console_print] DEBUG: D:\temp3\steamapps\common\qlive\steamapps\workshop\content\282440\1490346736\\q2dm1.pk3 (0x77425852 - 78 files)
[minqlx.handle_console_print] DEBUG: D:\temp3\steamapps\common\qlive\steamapps\workshop\content\282440\1490346736/
[minqlx.handle_console_print] DEBUG: D:\temp3\steamapps\common\qlive\steamapps\workshop\content\282440\538941289/
[minqlx.handle_console_print] DEBUG: D:\temp3\steamapps\common\qlive\steamapps\workshop\content\282440\1894965506\\sonidosedp.pk3 (0x0a20d0fc - 556 files)
[minqlx.handle_console_print] DEBUG: D:\temp3\steamapps\common\qlive\steamapps\workshop\content\282440\1894965506/
[minqlx.handle_console_print] DEBUG: D:\temp3\steamapps\common\qlive\steamapps\workshop\content\282440\1231496914\\workshop_q3stylegibs.pk3 (0x8ebdce38 - 32 files)
[minqlx.handle_console_print] DEBUG: D:\temp3\steamapps\common\qlive\steamapps\workshop\content\282440\1231496914/
[minqlx.handle_console_print] DEBUG: D:\temp3\steamapps\common\qlive\steamapps\workshop\content\282440\1250689005\\warp_sounds.pk3 (0x16c38e2c - 253 files)
[minqlx.handle_console_print] DEBUG: D:\temp3\steamapps\common\qlive\steamapps\workshop\content\282440\1250689005/
[minqlx.handle_console_print] DEBUG: D:\temp3\steamapps\common\qlive\steamapps\workshop\content\282440\572453229\\duke-nukem-sounds.pk3 (0x34de8c63 - 104 files)
[minqlx.handle_console_print] DEBUG: D:\temp3\steamapps\common\qlive\steamapps\workshop\content\282440\572453229/
[minqlx.handle_console_print] DEBUG: D:\temp3\steamapps\common\qlive\steamapps\workshop\content\282440\620087103\\funnysounds.pk3 (0x4b31fd8b - 244 files)
[minqlx.handle_console_print] DEBUG: D:\temp3\steamapps\common\qlive\steamapps\workshop\content\282440\620087103/
[minqlx.handle_console_print] DEBUG: D:\temp3\steamapps\common\qlive\steamapps\workshop\content\282440\585892371\\soundbank.pk3 (0x5935bb40 - 85 files)
[minqlx.handle_console_print] DEBUG: D:\temp3\steamapps\common\qlive\steamapps\workshop\content\282440\585892371/
[minqlx.handle_console_print] DEBUG:
[minqlx.handle_console_print] DEBUG: ----------------------
[minqlx.handle_console_print] DEBUG: 10879 files in pk3 files
[WinQLX32] [WinQLX32-UGC] Linea 22: El hook idSteamServer_DownloadItem rechazo la ID 557591894.